> echo hello
-> code: OK
-> data: hello
-> data.hex: 0x68656C6C6F

> info 
-> code: OK
-> data: {"size":0}
-> data.hex: 0x7B2273697A65223A307D

> prepare_proposal "abc"
-> code: OK
-> log: Succeeded. Tx: abc

> process_proposal "abc"
-> code: OK
-> status: ACCEPT

> finalize_block "abc"
-> code: OK
-> code: OK
-> data.hex: 0x0200000000000000

> commit 
-> code: OK

> info 
-> code: OK
-> data: {"size":1}
-> data.hex: 0x7B2273697A65223A317D

> query "abc"
-> code: OK
-> log: exists
-> height: 1
-> key: abc
-> key.hex: 616263
-> value: abc
-> value.hex: 616263

> finalize_block "def=xyz" "ghi=123"
-> code: OK
-> code: OK
-> code: OK
-> data.hex: 0x0600000000000000

> commit 
-> code: OK

> query "def"
-> code: OK
-> log: exists
-> height: 2
-> key: def
-> key.hex: 646566
-> value: xyz
-> value.hex: 78797A

> prepare_proposal "preparedef"
-> code: OK
-> log: Succeeded. Tx: replacedef

> process_proposal "replacedef"
-> code: OK
-> status: ACCEPT

> process_proposal "preparedef"
-> code: OK
-> status: REJECT

> prepare_proposal 

> process_proposal 
-> code: OK
-> status: ACCEPT

> commit 
-> code: OK

